[36mvite v5.4.21 [32mbuilding for production...[36m[39m
transforming...
node.exe : 
At line:1 char:1
+ & "C:\Program Files\nodejs/node.exe" 
"C:\Program Files\nodejs/node_mo ...
+ ~~~~~~~~~~~~~~~~~~~~~~~~~~~~~~~~~~~~~
~~~~~~~~~~~~~~~~~~~~~~~~~~~~~~~~
    + CategoryInfo          : NotSpeci 
   fied: (:String) [], RemoteExceptio  
  n
    + FullyQualifiedErrorId : NativeCo 
   mmandError
 
Images/colosseum.jpg referenced in 
Images/colosseum.jpg didn't resolve at 
build time, it will remain unchanged 
to be resolved at runtime

bgi.png referenced in bgi.png didn't 
resolve at build time, it will remain 
unchanged to be resolved at runtime

BGI.png referenced in BGI.png didn't 
resolve at build time, it will remain 
unchanged to be resolved at runtime
[32mΓ£ô[39m 1774 modules transformed.
rendering chunks...
computing gzip size...
[2mdist/[22m[32mindex.html                     [39m[1m[2m  0.83 kB[22m[1m[22m[2m Γöé gzip:  0.45 kB[22m
[2mdist/[22m[32massets/PureChill-zM5Dxq8j.jpg  [39m[1m[2m 19.43 kB[22m[1m[22m
[2mdist/[22m[32massets/Bog-BT-_yzQ0.jpg        [39m[1m[2m 20.54 kB[22m[1m[22m
[2mdist/[22m[32massets/Hugz-DNGzOLMg.jpg       [39m[1m[2m 21.49 kB[22m[1m[22m
[2mdist/[22m[32massets/Benny-B4EohjSf.jpg      [39m[1m[2m 21.95 kB[22m[1m[22m
[2mdist/[22m[32massets/lanza-A0lI6x_J.jpg      [39m[1m[2m 23.11 kB[22m[1m[22m
[2mdist/[22m[32massets/Wallah-DW8zITyq.jpg     [39m[1m[2m 28.15 kB[22m[1m[22m
[2mdist/[22m[32massets/Snazzy-IcMSr-w8.jpg     [39m[1m[2m 29.96 kB[22m[1m[22m
[2mdist/[22m[32massets/Gary-CJhyo1XA.jpg       [39m[1m[2m 30.13 kB[22m[1m[22m
[2mdist/[22m[32massets/Pantho-D_G7DfGU.jpg     [39m[1m[2m 31.43 kB[22m[1m[22m
[2mdist/[22m[32massets/Bui-DrO1VyZj.jpg        [39m[1m[2m 32.75 kB[22m[1m[22m
[2mdist/[22m[32massets/Sayariu-CTfoiTzm.jpg    [39m[1m[2m 32.95 kB[22m[1m[22m
[2mdist/[22m[32massets/Diffizzle-DiTJTYHU.jpg  [39m[1m[2m 37.56 kB[22m[1m[22m
[2mdist/[22m[32massets/mylogo-yRvUHiwY.png     [39m[1m[2m 62.87 kB[22m[1m[22m
[2mdist/[22m[32massets/Alex-0OtRqmno.png       [39m[1m[2m 68.35 kB[22m[1m[22m
[2mdist/[22m[32massets/Omlet-CDZcVIwQ.png      [39m[1m[2m317.76 kB[22m[1m[22m
[2mdist/[22m[35massets/index-BN8P1cIM.css      [39m[1m[2m 48.50 kB[22m[1m[22m[2m Γöé gzip:  9.09 kB[22m
[2mdist/[22m[36massets/index-o9WMH2S6.js       [39m[1m[2m268.71 kB[22m[1m[22m[2m Γöé gzip: 84.19 kB[22m
[32mΓ£ô built in 1.11s[39m
